warning: Git tree '/home/dev/Documents/nurpkgs6' is dirty
these 12 derivations will be built:
  /nix/store/4kj2j249gcgjggm6clvmrnjfcn2gh51s-source.drv
  /nix/store/9ij1xjrn56zydgwf77v77d6gkd6m9339-source.drv
  /nix/store/zl8m2rizzgdy8f13xy6843082fkyi7sw-restarter-262.10315.125-vendor-staging.drv
  /nix/store/pqv5xk14rgpd0gy524djviv5q411p9a0-restarter-262.10315.125-vendor.drv
  /nix/store/0vw2warwfn06pxx9jp6x0nr4z245d1bp-restarter-262.10315.125.drv
  /nix/store/byzxaw1pnq16sgxprra49hns2khg3sf0-source.drv
  /nix/store/2hxawxn6pzqcykmdxc747gcsbsvvx02j-jetbrains-libdbm-2025.3.4.drv
  /nix/store/r39z2wglcqsj111l14c58hrlyf3hd8xv-jps-bootstrap-repository.drv
  /nix/store/8hi7s00hi7xnpxav9q9k3a2gx2viyaiw-jps-bootstrap-262.10315.125.drv
  /nix/store/v5cm5zflc2xa07mvf4cga8alr896qhfm-jetbrains-libdbm-2026.2.2.drv
  /nix/store/ndyz1qrjdgkjg07wxgbddqf3f173b6r2-idea-oss-2026.2.2.tar.gz.drv
  /nix/store/73s44ckl4qd3zf6z54qzxgl12nccqqsd-idea-oss-2026.2.2.drv
building '/nix/store/4kj2j249gcgjggm6clvmrnjfcn2gh51s-source.drv'...
error: hash mismatch in fixed-output derivation '/nix/store/4kj2j249gcgjggm6clvmrnjfcn2gh51s-source.drv':
         specified: sha256-EEEEEEEEEEEEEEEEEEEEEEEEEEEEEEEEEEEEEEEEEEE=
            got:    sha256-29qwKTbhFrMTDzcCikzqsc6SEKmKXTwNaf8aSMt/FPg=
error: Cannot build '/nix/store/9ij1xjrn56zydgwf77v77d6gkd6m9339-source.drv'.
       Reason: 1 dependency failed.
       Output paths:
         /nix/store/f1ifvqgnlhy1yy1xg05qxk7j0kvgg91k-source
error: Cannot build '/nix/store/ndyz1qrjdgkjg07wxgbddqf3f173b6r2-idea-oss-2026.2.2.tar.gz.drv'.
       Reason: 1 dependency failed.
       Output paths:
         /nix/store/wx94hnc2gn0pb0ajgl3arvjhw865hvyr-idea-oss-2026.2.2.tar.gz
error: Cannot build '/nix/store/73s44ckl4qd3zf6z54qzxgl12nccqqsd-idea-oss-2026.2.2.drv'.
       Reason: 1 dependency failed.
       Output paths:
         /nix/store/1qxy7rdrwvzavqp8liy3hv4knv3wvqj7-idea-oss-2026.2.2
