warning: Git tree '/home/dev/Documents/nurpkgs6' is dirty
these 45 derivations will be built:
  /nix/store/0ds0gdzz8c8ny6frg73yh3v4h3mf2mdd-kotlin-objcexport-header-generator-for-ide-2.4.20-ij262-52.jar.drv
  /nix/store/0dyfk58kqpqavx6kyqf6a46ij5glp455-kotlin-jps-plugin-classpath-2.4.20-ij262-52.jar.drv
  /nix/store/2j5cs2nsxblnzqf77wlkaf7jbzs8zqsk-sam-with-receiver-compiler-plugin-for-ide-2.4.20-ij262-52.jar.drv
  /nix/store/2snj4kln88rd9qkdggaqm30aj3bd4yjc-kotlin-build-tools-cri-impl-2.4.20-ij262-52.jar.drv
  /nix/store/4cvlipg88fwdlqlsqjx4gsmr64hvzq70-noarg-compiler-plugin-for-ide-2.4.20-ij262-52.jar.drv
  /nix/store/5dgh0mjvpqrzxsm25y8xs6lx15g9nkgy-debugger-agent-1.193.jar.drv
  /nix/store/5iyg9axrpyj95k3pc8gp29635j4lsfdp-kotlin-scripting-compiler-impl-2.4.20-ij262-52.jar.drv
  /nix/store/5npjbz8xhij54ykqm9snh09bpx44yw1p-jediterm-ui-3.73.jar.drv
  /nix/store/5sy3r5y9404mlvpfb4mwwmxyvmdxbpv2-allopen-compiler-plugin-for-ide-2.4.20-ij262-52.jar.drv
  /nix/store/6pw0pv3znf7sr4drnvkxsl1lcn9jb80q-low-level-api-fir-for-ide-2.4.20-ij262-52.jar.drv
  /nix/store/8bkki62g48cdxski5nkk1lqnf10wgcmz-kotlin-build-tools-api-2.4.20-ij262-52.jar.drv
  /nix/store/9w26ndrbg1jrmn29nyzjdrng4ibnm2ca-kotlin-jps-common-for-ide-2.4.20-ij262-52.jar.drv
  /nix/store/a76c3im1nw40hvvq2wa24f0fb4c0chir-parcelize-compiler-plugin-for-ide-2.4.20-ij262-52.jar.drv
  /nix/store/b3j4zsprfnmsp60zdv94l41njihk4jfk-kotlin-dataframe-compiler-plugin-for-ide-2.4.20-ij262-52.jar.drv
  /nix/store/b40rr35pk37rrchv281acwlq9n2a488z-scripting-compiler-plugin-for-ide-2.4.20-ij262-52.jar.drv
  /nix/store/bd2lcyswcbv9gqljh24bm054a1a595sp-kotlinx-serialization-compiler-plugin-for-ide-2.4.20-ij262-52.jar.drv
  /nix/store/bfmidy3y24vyp0s0frjds05qqm5bbjhy-kotlin-compiler-common-for-ide-2.4.20-ij262-52.jar.drv
  /nix/store/c0ax9zkcgq4ci11fy6izq51h9n70z9rw-symbol-light-classes-for-ide-2.4.20-ij262-52.jar.drv
  /nix/store/cadi9i0hknq2zj75r12y8wcgkzb1pqyr-analysis-api-impl-base-for-ide-2.4.20-ij262-52.jar.drv
  /nix/store/dsicmj57qmzzq8scb4l3d520y19dcskl-incremental-compilation-impl-tests-for-ide-2.4.20-ij262-52.jar.drv
  /nix/store/dy3ic16rprb4vmjdiih7aqj37j2jyjrc-analysis-api-k2-for-ide-2.4.20-ij262-52.jar.drv
  /nix/store/f3g5scgpp3mpb40nm528r9wr9k7y4xn3-kotlin-compiler-ir-for-ide-2.4.20-ij262-52.jar.drv
  /nix/store/gg0jf6l4fjr15ybwrl7him9fsp42hgm6-kotlin-swift-export-for-ide-2.4.20-ij262-52.jar.drv
  /nix/store/il4zlhsaxa8pw9dbwsahwaawsxlx4isl-kotlin-scripting-jvm-2.4.20-ij262-52.jar.drv
  /nix/store/j4dwgzrvqdp9g721jm65f4nza49agddf-assignment-compiler-plugin-for-ide-2.4.20-ij262-52.jar.drv
  /nix/store/j4fl281rngv2dydmxdbzncm4r0k0jim5-kotlin-build-tools-impl-2.4.20-ij262-52.jar.drv
  /nix/store/jkkfv9b84yr5zqg0917w9lihyigjz6qf-compose-compiler-plugin-for-ide-2.4.20-ij262-52.jar.drv
  /nix/store/jrdainmkhdja85z25pv1qc3pncdzsd7g-analysis-api-fe10-for-ide-2.4.20-ij262-52.jar.drv
  /nix/store/jxdv2bkjajr7dv6fha657v2h0nda9a90-kotlin-gradle-statistics-for-ide-2.4.20-ij262-52.jar.drv
  /nix/store/kj6y1sjirv6dj6kx3zml1ks210ny6fzz-lombok-compiler-plugin-for-ide-2.4.20-ij262-52.jar.drv
  /nix/store/kvvgyvvdscfj27gzn6xy91m0dddrsb4m-kotlin-compiler-cli-for-ide-2.4.20-ij262-52.jar.drv
  /nix/store/lpfsq2yxh10xz1ndpwk3mfq5w0dh9rjx-kotlin-scripting-common-2.4.20-ij262-52.jar.drv
  /nix/store/mbd0naid3750wskyq3na56yf48549pac-kotlin-compiler-tests-for-ide-2.4.20-ij262-52.jar.drv
  /nix/store/mh1rr86kivm4r2y6xlvh4rf7kih55fs5-analysis-api-for-ide-2.4.20-ij262-52.jar.drv
  /nix/store/mjffysgkcgfay3ymmk24j4pmg6lx886c-kotlin-compiler-fe10-for-ide-2.4.20-ij262-52.jar.drv
  /nix/store/n9wya0m53mwwiz90i9250my3ljm3qs6h-kotlin-scripting-dependencies-2.4.20-ij262-52.jar.drv
  /nix/store/rcd2alan7mh512nyxmri0szry2zdrc1q-js-plain-objects-compiler-plugin-for-ide-2.4.20-ij262-52.jar.drv
  /nix/store/ww3h9mm6sbzny96qk62176v20xlk1n4s-kotlin-compiler-fir-for-ide-2.4.20-ij262-52.jar.drv
  /nix/store/xqydka9wyv69y67lbh5gkmdfdw7x8q3m-jediterm-core-3.73.jar.drv
  /nix/store/xyh5h3hvfrzap0bdsdp629kjbm3gqfl1-kotlin-build-common-tests-for-ide-2.4.20-ij262-52.jar.drv
  /nix/store/zgdj4bkgbcc6wkayq4rs4acjk1sahjpk-analysis-api-platform-interface-for-ide-2.4.20-ij262-52.jar.drv
  /nix/store/zn4sgb1vfkad9swrrmq5qhl3s6yrhn0c-kotlin-script-runtime-2.4.20-ij262-52.jar.drv
  /nix/store/w3xkbfiw0qmd29dii8d9cgf5bbd5c44p-intellij-deps.drv
  /nix/store/slhsvr9cw2wsbm0znr4sqwsj6y9hlyf6-idea-oss-2026.2.2.tar.gz.drv
  /nix/store/5vhpp5jv3wjx12ki53hj0nv3dswjxzmp-idea-oss-2026.2.2.drv
building '/nix/store/5sy3r5y9404mlvpfb4mwwmxyvmdxbpv2-allopen-compiler-plugin-for-ide-2.4.20-ij262-52.jar.drv'...
building '/nix/store/jrdainmkhdja85z25pv1qc3pncdzsd7g-analysis-api-fe10-for-ide-2.4.20-ij262-52.jar.drv'...
building '/nix/store/mh1rr86kivm4r2y6xlvh4rf7kih55fs5-analysis-api-for-ide-2.4.20-ij262-52.jar.drv'...
building '/nix/store/cadi9i0hknq2zj75r12y8wcgkzb1pqyr-analysis-api-impl-base-for-ide-2.4.20-ij262-52.jar.drv'...
building '/nix/store/dy3ic16rprb4vmjdiih7aqj37j2jyjrc-analysis-api-k2-for-ide-2.4.20-ij262-52.jar.drv'...
building '/nix/store/zgdj4bkgbcc6wkayq4rs4acjk1sahjpk-analysis-api-platform-interface-for-ide-2.4.20-ij262-52.jar.drv'...
building '/nix/store/j4dwgzrvqdp9g721jm65f4nza49agddf-assignment-compiler-plugin-for-ide-2.4.20-ij262-52.jar.drv'...
building '/nix/store/jkkfv9b84yr5zqg0917w9lihyigjz6qf-compose-compiler-plugin-for-ide-2.4.20-ij262-52.jar.drv'...
building '/nix/store/5dgh0mjvpqrzxsm25y8xs6lx15g9nkgy-debugger-agent-1.193.jar.drv'...
building '/nix/store/dsicmj57qmzzq8scb4l3d520y19dcskl-incremental-compilation-impl-tests-for-ide-2.4.20-ij262-52.jar.drv'...
building '/nix/store/xqydka9wyv69y67lbh5gkmdfdw7x8q3m-jediterm-core-3.73.jar.drv'...
building '/nix/store/5npjbz8xhij54ykqm9snh09bpx44yw1p-jediterm-ui-3.73.jar.drv'...
building '/nix/store/rcd2alan7mh512nyxmri0szry2zdrc1q-js-plain-objects-compiler-plugin-for-ide-2.4.20-ij262-52.jar.drv'...
building '/nix/store/xyh5h3hvfrzap0bdsdp629kjbm3gqfl1-kotlin-build-common-tests-for-ide-2.4.20-ij262-52.jar.drv'...
building '/nix/store/8bkki62g48cdxski5nkk1lqnf10wgcmz-kotlin-build-tools-api-2.4.20-ij262-52.jar.drv'...
building '/nix/store/2snj4kln88rd9qkdggaqm30aj3bd4yjc-kotlin-build-tools-cri-impl-2.4.20-ij262-52.jar.drv'...
building '/nix/store/j4fl281rngv2dydmxdbzncm4r0k0jim5-kotlin-build-tools-impl-2.4.20-ij262-52.jar.drv'...
building '/nix/store/kvvgyvvdscfj27gzn6xy91m0dddrsb4m-kotlin-compiler-cli-for-ide-2.4.20-ij262-52.jar.drv'...
building '/nix/store/bfmidy3y24vyp0s0frjds05qqm5bbjhy-kotlin-compiler-common-for-ide-2.4.20-ij262-52.jar.drv'...
building '/nix/store/mjffysgkcgfay3ymmk24j4pmg6lx886c-kotlin-compiler-fe10-for-ide-2.4.20-ij262-52.jar.drv'...
building '/nix/store/ww3h9mm6sbzny96qk62176v20xlk1n4s-kotlin-compiler-fir-for-ide-2.4.20-ij262-52.jar.drv'...
building '/nix/store/f3g5scgpp3mpb40nm528r9wr9k7y4xn3-kotlin-compiler-ir-for-ide-2.4.20-ij262-52.jar.drv'...
building '/nix/store/mbd0naid3750wskyq3na56yf48549pac-kotlin-compiler-tests-for-ide-2.4.20-ij262-52.jar.drv'...
building '/nix/store/b3j4zsprfnmsp60zdv94l41njihk4jfk-kotlin-dataframe-compiler-plugin-for-ide-2.4.20-ij262-52.jar.drv'...
building '/nix/store/c0ax9zkcgq4ci11fy6izq51h9n70z9rw-symbol-light-classes-for-ide-2.4.20-ij262-52.jar.drv'...
building '/nix/store/jxdv2bkjajr7dv6fha657v2h0nda9a90-kotlin-gradle-statistics-for-ide-2.4.20-ij262-52.jar.drv'...
building '/nix/store/9w26ndrbg1jrmn29nyzjdrng4ibnm2ca-kotlin-jps-common-for-ide-2.4.20-ij262-52.jar.drv'...
building '/nix/store/0dyfk58kqpqavx6kyqf6a46ij5glp455-kotlin-jps-plugin-classpath-2.4.20-ij262-52.jar.drv'...
building '/nix/store/0ds0gdzz8c8ny6frg73yh3v4h3mf2mdd-kotlin-objcexport-header-generator-for-ide-2.4.20-ij262-52.jar.drv'...
building '/nix/store/zn4sgb1vfkad9swrrmq5qhl3s6yrhn0c-kotlin-script-runtime-2.4.20-ij262-52.jar.drv'...
building '/nix/store/lpfsq2yxh10xz1ndpwk3mfq5w0dh9rjx-kotlin-scripting-common-2.4.20-ij262-52.jar.drv'...
building '/nix/store/5iyg9axrpyj95k3pc8gp29635j4lsfdp-kotlin-scripting-compiler-impl-2.4.20-ij262-52.jar.drv'...
building '/nix/store/n9wya0m53mwwiz90i9250my3ljm3qs6h-kotlin-scripting-dependencies-2.4.20-ij262-52.jar.drv'...
building '/nix/store/il4zlhsaxa8pw9dbwsahwaawsxlx4isl-kotlin-scripting-jvm-2.4.20-ij262-52.jar.drv'...
building '/nix/store/gg0jf6l4fjr15ybwrl7him9fsp42hgm6-kotlin-swift-export-for-ide-2.4.20-ij262-52.jar.drv'...
building '/nix/store/bd2lcyswcbv9gqljh24bm054a1a595sp-kotlinx-serialization-compiler-plugin-for-ide-2.4.20-ij262-52.jar.drv'...
building '/nix/store/kj6y1sjirv6dj6kx3zml1ks210ny6fzz-lombok-compiler-plugin-for-ide-2.4.20-ij262-52.jar.drv'...
building '/nix/store/6pw0pv3znf7sr4drnvkxsl1lcn9jb80q-low-level-api-fir-for-ide-2.4.20-ij262-52.jar.drv'...
building '/nix/store/4cvlipg88fwdlqlsqjx4gsmr64hvzq70-noarg-compiler-plugin-for-ide-2.4.20-ij262-52.jar.drv'...
building '/nix/store/a76c3im1nw40hvvq2wa24f0fb4c0chir-parcelize-compiler-plugin-for-ide-2.4.20-ij262-52.jar.drv'...
building '/nix/store/2j5cs2nsxblnzqf77wlkaf7jbzs8zqsk-sam-with-receiver-compiler-plugin-for-ide-2.4.20-ij262-52.jar.drv'...
building '/nix/store/b40rr35pk37rrchv281acwlq9n2a488z-scripting-compiler-plugin-for-ide-2.4.20-ij262-52.jar.drv'...
building '/nix/store/w3xkbfiw0qmd29dii8d9cgf5bbd5c44p-intellij-deps.drv'...
building '/nix/store/slhsvr9cw2wsbm0znr4sqwsj6y9hlyf6-idea-oss-2026.2.2.tar.gz.drv'...
error: Cannot build '/nix/store/slhsvr9cw2wsbm0znr4sqwsj6y9hlyf6-idea-oss-2026.2.2.tar.gz.drv'.
       Reason: builder failed with exit code 1.
       Output paths:
         /nix/store/4wddxlrq7gzihjgxr43cvm3izd7chn65-idea-oss-2026.2.2.tar.gz
       Last 25 log lines:
       >     intellij.color.scheme.twilight (time=14:57:30.4005)
       >     intellij.color.scheme.twilight (time=14:57:30.4005)
       >     intellij.color.scheme.vibrant_ink (time=14:57:30.4005)
       >     intellij.color.scheme.vibrant_ink (time=14:57:30.4005)
       >     intellij.color.scheme.warmNeon (time=14:57:30.4005)
       >     intellij.color.scheme.warmNeon (time=14:57:30.4005)
       >     intellij.compose.ide.plugin (time=14:57:30.4005)
       >     intellij.compose.ide.plugin (time=14:57:30.4005)
       >     intellij.debugger.streams.plugin (time=14:57:30.4006)
       >     intellij.debugger.streams.plugin (time=14:57:30.4006)
       >     intellij.dev (time=14:57:30.4006)
       >     intellij.dev (time=14:57:30.4006)
       >     intellij.dev.noJava.plugin.main (time=14:57:30.4006)
       >     intellij.dev.noJava.plugin.main (time=14:57:30.4006)
       >     intellij.dev.plugin.main (time=14:57:30.4006)
       >     intellij.dev.plugin.main (time=14:57:30.4006)
       >     intellij.devkit (time=14:57:30.4006)
       >     intellij.devkit (time=14:57:30.4006)
       >     intellij.devkit.intelliLang (time=14:57:30.4006)
       >     intellij.devkit.intelliLang (time=14:57:30.4006)
       >     intellij.devkit.plugin.main (time=14:57:30.4007)
       >     intellij.devkit.plugin.main (time=14:57:30.4007)
       >     intellij.devkit.plugin.main.noKotlin (time=14:57:30.4007)
       > resolve project dependencies (duration=33 s 231 ms, end=14:57:30.518)
       > resolve dependencies and compile modules (duration=33 s 235 ms, end=14:57:30.5182)
       For full logs, run:
         nix log /nix/store/slhsvr9cw2wsbm0znr4sqwsj6y9hlyf6-idea-oss-2026.2.2.tar.gz.drv
error: Cannot build '/nix/store/5vhpp5jv3wjx12ki53hj0nv3dswjxzmp-idea-oss-2026.2.2.drv'.
       Reason: 1 dependency failed.
       Output paths:
         /nix/store/jnrrpmg0jg4cp0dcv144p3iszckpv39v-idea-oss-2026.2.2
