warning: Git tree '/home/dev/Documents/nurpkgs6' is dirty
these 10 derivations will be built:
  /nix/store/y95gynjizvx23whh4r6crl495ibjcwss-source.drv
  /nix/store/vzwvzwv72j33b20nrbljm73m1agpdz6k-source.drv
  /nix/store/3lyk4aqnzaj244z1ycs4qpslhps06iv5-jetbrains-libdbm-2026.2.2.drv
  /nix/store/6mh7fpgl92rasgiiav4jnflamzdixyis-restarter-262.10315.125-vendor-staging.drv
  /nix/store/ccyjxrm007ab3zk13a3abvjz2hvf5wqw-restarter-262.10315.125-vendor.drv
  /nix/store/5h6dnhhp6acij7nrgj09fr1a3q3sgm10-restarter-262.10315.125.drv
  /nix/store/m31bj59q7my4fcjf27i2gj7czaibg0fv-jps-bootstrap-repository.drv
  /nix/store/ggdp8dq20bx1h49z1wd86hr31qp5rj60-jps-bootstrap-262.10315.125.drv
  /nix/store/lvxs9c9l5hlg9bdvif53708c72gddaf5-idea-oss-2026.2.2.tar.gz.drv
  /nix/store/h6sic6v6cca1w53cfmkzhfm3frpf6pn8-idea-oss-2026.2.2.drv
building '/nix/store/y95gynjizvx23whh4r6crl495ibjcwss-source.drv'...
error: hash mismatch in fixed-output derivation '/nix/store/y95gynjizvx23whh4r6crl495ibjcwss-source.drv':
         specified: sha256-AAAAAAAAAAAAAAAAAAAAAAAAAAAAAAAAAAAAAAAAAAA=
            got:    sha256-29qwKTbhFrMTDzcCikzqsc6SEKmKXTwNaf8aSMt/FPg=
error: Cannot build '/nix/store/vzwvzwv72j33b20nrbljm73m1agpdz6k-source.drv'.
       Reason: 1 dependency failed.
       Output paths:
         /nix/store/nqplgm3sx4pw61crvjzd5zj7x5kgh4jd-source
error: Cannot build '/nix/store/lvxs9c9l5hlg9bdvif53708c72gddaf5-idea-oss-2026.2.2.tar.gz.drv'.
       Reason: 1 dependency failed.
       Output paths:
         /nix/store/cvmlvp861ib4i6anp5bkgwpw6rih52rl-idea-oss-2026.2.2.tar.gz
error: Cannot build '/nix/store/h6sic6v6cca1w53cfmkzhfm3frpf6pn8-idea-oss-2026.2.2.drv'.
       Reason: 1 dependency failed.
       Output paths:
         /nix/store/v652xhmb4c2wbgba9wim8h9b253jp31f-idea-oss-2026.2.2
