warning: Git tree '/home/dev/Documents/nurpkgs6' is dirty
these 3 derivations will be built:
  /nix/store/ngv3rlfcnhcimv5ffw62fqaph2kcylzv-jps-bootstrap-262.10315.125.drv
  /nix/store/49k8zn7325avjq5xbip1n0lk6bzx4zp9-idea-oss-2026.2.2.tar.gz.drv
  /nix/store/rlrk2r3xr0aw0jxrgbd3c0w2g6l0zg31-idea-oss-2026.2.2.drv
building '/nix/store/ngv3rlfcnhcimv5ffw62fqaph2kcylzv-jps-bootstrap-262.10315.125.drv'...
building '/nix/store/49k8zn7325avjq5xbip1n0lk6bzx4zp9-idea-oss-2026.2.2.tar.gz.drv'...
error: Cannot build '/nix/store/49k8zn7325avjq5xbip1n0lk6bzx4zp9-idea-oss-2026.2.2.tar.gz.drv'.
       Reason: builder failed with exit code 1.
       Output paths:
         /nix/store/xjkb78x9fiqnza80588qx3mvc9x5jgaa-idea-oss-2026.2.2.tar.gz
       Last 25 log lines:
       > unpacking source archive /nix/store/9c0pi9fp5kv33fvbs81yv113l8gwrmwq-source
       > source root is source
       > unpackPhase completed in 49 seconds
       > Running phase: patchPhase
       > applying patch /nix/store/yk9mmd3x9v7jsw5bjrv5l4z5r3a2z69m-disable-sbom-generation.patch
       > patching file platform/build-scripts/src/org/jetbrains/intellij/build/impl/sbom/SoftwareBillOfMaterialsImpl.kt
       > Hunk #1 succeeded at 203 (offset 41 lines).
       > applying patch /nix/store/wwkl8hwx66rsp9qxmsycqjs60afwgdsc-bump-jackson-core-in-source.patch
       > patching file build/deps/src/org/jetbrains/intellij/build/impl/BundledMavenDownloader.kt
       > Hunk #1 succeeded at 46 (offset 11 lines).
       > applying patch /nix/store/jwm9r8i3swwbihgbk834hkfxqxzb0fjr-no-download-2026.2.patch
       > patching file build/deps/src/org/jetbrains/intellij/build/impl/BundledMavenDownloader.kt
       > patching file platform/build-scripts/downloader/src/org/jetbrains/intellij/build/dependencies/BuildDependenciesDownloader.kt
       > patching file platform/build-scripts/downloader/src/org/jetbrains/intellij/build/dependencies/JdkDownloader.kt
       > patching file platform/build-scripts/src/org/jetbrains/intellij/build/impl/brokenPlugins.kt
       > patching file platform/build-scripts/src/org/jetbrains/intellij/build/impl/LinuxDistributionBuilder.kt
       > patching file platform/build-scripts/src/org/jetbrains/intellij/build/kotlin/KotlinCompilerDependencyDownloader.kt
       > patching file platform/build-scripts/src/org/jetbrains/intellij/build/LinuxDistributionCustomizer.kt
       > patching file platform/jps-bootstrap/src/main/java/org/jetbrains/jpsBootstrap/JpsBootstrapMain.kt
       > patching file platform/build-scripts/downloader/src/ktor.kt
       > patching file platform/build-scripts/src/org/jetbrains/intellij/build/impl/BundledRuntimeImpl.kt
       > patching file platform/build-scripts/src/org/jetbrains/intellij/build/CommunityRepositoryModules.kt
       > patching file platform/build-scripts/src/org/jetbrains/intellij/build/impl/JpsCompilationRunner.kt
       > Hunk #2 succeeded at 89 (offset 1 line).
       > substituteStream() in derivation idea-oss-2026.2.2.tar.gz: ERROR: pattern 0d6103ec6a0eb9c36e856c04d3478099ab86437dd5f19a22a69d9e80b4cff2cb doesn't match anything in file '.idea/libraries/kotlinc_kotlin_jps_plugin_classpath.xml'
       For full logs, run:
         nix log /nix/store/49k8zn7325avjq5xbip1n0lk6bzx4zp9-idea-oss-2026.2.2.tar.gz.drv
error: Cannot build '/nix/store/rlrk2r3xr0aw0jxrgbd3c0w2g6l0zg31-idea-oss-2026.2.2.drv'.
       Reason: 1 dependency failed.
       Output paths:
         /nix/store/n64kamxspn81m1dki46f8ahznm4m7xgi-idea-oss-2026.2.2
