warning: Git tree '/home/dev/Documents/nurpkgs6' is dirty
these 17 derivations will be built:
  /nix/store/4lz4ccg7yhyq1y08yh90viqzxq9vv2xn-kotlin-2.2.20.drv
  /nix/store/5blm5ylbfbb6mficpkk1rgvhdlmdnfdj-intellij-deps.drv
  /nix/store/i609z7kjisdcpnnlh7aq45gzh01zdmhp-source.drv
  /nix/store/zgx25kjfarww3rhymg9d08j8krj0xii0-source.drv
  /nix/store/qrgl3x94lbc2hj1amr6nrlk7dcip31cl-source.drv
  /nix/store/k17njp80bv2f6ar6sv0239lkiapda6j6-restarter-262.10315.125-vendor-staging.drv
  /nix/store/4a7vvd3i38pcz1an6mcj9wvdcc6rrvb5-restarter-262.10315.125-vendor.drv
  /nix/store/753873dzivbnyp15y4crx3inrj8v418g-restarter-262.10315.125.drv
  /nix/store/a95lxq1j0qk5qfp3v1sw09rhg38kimvw-jetbrains-libdbm-2026.2.2.drv
  /nix/store/697dq7zjxqy49jjwmgyv2pblbrcslm62-jps-bootstrap-repository.drv
  /nix/store/wf4n1x4npiki2fd51jzh4iavgsx13jrr-kotlin-dist-for-ide-2.4.20-ij262-34.drv
  /nix/store/mz84q3sz6n19szzpxnvashnfvn87krhr-jps-bootstrap-262.10315.125.drv
  /nix/store/18aihcnrj3g1krgy4jhh8xh02l82wl1h-idea-oss-2026.2.2.tar.gz.drv
  /nix/store/byzxaw1pnq16sgxprra49hns2khg3sf0-source.drv
  /nix/store/2hxawxn6pzqcykmdxc747gcsbsvvx02j-jetbrains-libdbm-2025.3.4.drv
  /nix/store/6khbnh3b02prs2n885k80nidb40xhca8-idea-oss.desktop.drv
  /nix/store/570dz93yfilz75gmb3ig1jq7zh0iqgnf-idea-oss-2026.2.2.drv
these 6 paths will be fetched (523.8 MiB download, 831.3 MiB unpacked):
  /nix/store/cigyihqgm96lvhrsi6y53cd4zwsr9fgv-ant-1.10.18
  /nix/store/iq1wnax7didd8z4000rm92r89n5z36md-fsnotifier-2024.2.0
  /nix/store/jl09468psk79chyzw6nxw2yskpkgd4bx-jetbrains-jdk-jcef-25.0.3-b508.4
  /nix/store/2j3fxsjhlwbfcg3n8jchnwsb87p0mb02-libdbusmenu-glib-16.04.0-jetbrains-fork-2022-05-18
  /nix/store/8qya1wiysnaq2smkkqq6z2814l09lbjv-maven-3.9.16
  /nix/store/bfnd54v775ppqklksjh04k29jdmjnjn4-thrift-0.20.0
building '/nix/store/6khbnh3b02prs2n885k80nidb40xhca8-idea-oss.desktop.drv'...
copying path '/nix/store/iq1wnax7didd8z4000rm92r89n5z36md-fsnotifier-2024.2.0' from 'http://127.0.0.1:5496'...
copying path '/nix/store/8qya1wiysnaq2smkkqq6z2814l09lbjv-maven-3.9.16' from 'http://127.0.0.1:5496'...
building '/nix/store/5blm5ylbfbb6mficpkk1rgvhdlmdnfdj-intellij-deps.drv'...
copying path '/nix/store/2j3fxsjhlwbfcg3n8jchnwsb87p0mb02-libdbusmenu-glib-16.04.0-jetbrains-fork-2022-05-18' from 'http://127.0.0.1:5496'...
copying path '/nix/store/bfnd54v775ppqklksjh04k29jdmjnjn4-thrift-0.20.0' from 'http://127.0.0.1:5496'...
building '/nix/store/4lz4ccg7yhyq1y08yh90viqzxq9vv2xn-kotlin-2.2.20.drv'...
building '/nix/store/wf4n1x4npiki2fd51jzh4iavgsx13jrr-kotlin-dist-for-ide-2.4.20-ij262-34.drv'...
building '/nix/store/byzxaw1pnq16sgxprra49hns2khg3sf0-source.drv'...
copying path '/nix/store/cigyihqgm96lvhrsi6y53cd4zwsr9fgv-ant-1.10.18' from 'http://127.0.0.1:5496'...
building '/nix/store/i609z7kjisdcpnnlh7aq45gzh01zdmhp-source.drv'...
copying path '/nix/store/jl09468psk79chyzw6nxw2yskpkgd4bx-jetbrains-jdk-jcef-25.0.3-b508.4' from 'http://127.0.0.1:5496'...
error: hash mismatch in fixed-output derivation '/nix/store/i609z7kjisdcpnnlh7aq45gzh01zdmhp-source.drv':
         specified: sha256-BBBBBBBBBBBBBBBBBBBBBBBBBBBBBBBBBBBBBBBBBBA=
            got:    sha256-29qwKTbhFrMTDzcCikzqsc6SEKmKXTwNaf8aSMt/FPg=
building '/nix/store/2hxawxn6pzqcykmdxc747gcsbsvvx02j-jetbrains-libdbm-2025.3.4.drv'...
